
> project-ve-mvp@0.1.0 test:guardrails
> node scripts/test-performance-guardrails.mjs

TAP version 13
# Subtest: AI job processing remains isolated from App Router redirects
ok 1 - AI job processing remains isolated from App Router redirects
  ---
  duration_ms: 2.649625
  type: 'test'
  ...
# Subtest: dashboard keeps identity, XP, progress, and continue learning in the core path
ok 2 - dashboard keeps identity, XP, progress, and continue learning in the core path
  ---
  duration_ms: 1.79325
  type: 'test'
  ...
# Subtest: dashboard streams every optional feature behind explicit Suspense fallbacks
ok 3 - dashboard streams every optional feature behind explicit Suspense fallbacks
  ---
  duration_ms: 0.346541
  type: 'test'
  ...
# Subtest: personalization reads and caches editorial configuration separately from user state
ok 4 - personalization reads and caches editorial configuration separately from user state
  ---
  duration_ms: 0.21025
  type: 'test'
  ...
# (node:58470) ExperimentalWarning: Type Stripping is an experimental feature and might change at any time
# (Use `node --trace-warnings ...` to show where the warning was created)
# (node:58470) [MODULE_TYPELESS_PACKAGE_JSON] Warning: Module type of file:///Users/scoteritemu/Nu-Project-VE/features/organizations/application/learner-workspace-context.ts is not specified and it doesn't parse as CommonJS.
# Reparsing as ES module because module syntax was detected. This incurs a performance overhead.
# To eliminate this warning, add "type": "module" to /Users/scoteritemu/Nu-Project-VE/package.json.
# Subtest: organization workspace context parser maps the focused RPC delivery projection
ok 5 - organization workspace context parser maps the focused RPC delivery projection
  ---
  duration_ms: 17.340875
  type: 'test'
  ...
# Subtest: organization workspace context parser rejects cross-workspace delivery identifiers
ok 6 - organization workspace context parser rejects cross-workspace delivery identifiers
  ---
  duration_ms: 0.440541
  type: 'test'
  ...
# Subtest: organization route context uses one focused database operation
ok 7 - organization route context uses one focused database operation
  ---
  duration_ms: 3.910458
  type: 'test'
  ...
# (node:58471) ExperimentalWarning: Type Stripping is an experimental feature and might change at any time
# (Use `node --trace-warnings ...` to show where the warning was created)
# (node:58471) [MODULE_TYPELESS_PACKAGE_JSON] Warning: Module type of file:///Users/scoteritemu/Nu-Project-VE/features/learning/application/course-card-model.ts is not specified and it doesn't parse as CommonJS.
# Reparsing as ES module because module syntax was detected. This incurs a performance overhead.
# To eliminate this warning, add "type": "module" to /Users/scoteritemu/Nu-Project-VE/package.json.
# Subtest: course card model preserves navigation, progress, imagery, and XP metadata
ok 8 - course card model preserves navigation, progress, imagery, and XP metadata
  ---
  duration_ms: 1.611583
  type: 'test'
  ...
# Subtest: course card model and database projections exclude rich lesson and answer payloads
ok 9 - course card model and database projections exclude rich lesson and answer payloads
  ---
  duration_ms: 9.139792
  type: 'test'
  ...
# (node:58472) ExperimentalWarning: Type Stripping is an experimental feature and might change at any time
# (Use `node --trace-warnings ...` to show where the warning was created)
# (node:58472) [MODULE_TYPELESS_PACKAGE_JSON] Warning: Module type of file:///Users/scoteritemu/Nu-Project-VE/lib/input-safety.ts is not specified and it doesn't parse as CommonJS.
# Reparsing as ES module because module syntax was detected. This incurs a performance overhead.
# To eliminate this warning, add "type": "module" to /Users/scoteritemu/Nu-Project-VE/package.json.
# Subtest: managed references survive URL sanitization without allowing arbitrary relative URLs
ok 10 - managed references survive URL sanitization without allowing arbitrary relative URLs
  ---
  duration_ms: 30.353041
  type: 'test'
  ...
# Subtest: media signing follows caller authorization and private responses bypass shared caching
ok 11 - media signing follows caller authorization and private responses bypass shared caching
  ---
  duration_ms: 1.378833
  type: 'test'
  ...
# Subtest: library reads are explicit paginated requests and uploads never overwrite shared storage
ok 12 - library reads are explicit paginated requests and uploads never overwrite shared storage
  ---
  duration_ms: 1.303458
  type: 'test'
  ...
# Subtest: mission list rendering contains no award or referral-token mutation branch
ok 13 - mission list rendering contains no award or referral-token mutation branch
  ---
  duration_ms: 1.826083
  type: 'test'
  ...
# Subtest: contextual referral-link creation remains an authenticated explicit action
ok 14 - contextual referral-link creation remains an authenticated explicit action
  ---
  duration_ms: 1.429542
  type: 'test'
  ...
# (node:58474) ExperimentalWarning: Type Stripping is an experimental feature and might change at any time
# (Use `node --trace-warnings ...` to show where the warning was created)
# (node:58474) [MODULE_TYPELESS_PACKAGE_JSON] Warning: Module type of file:///Users/scoteritemu/Nu-Project-VE/features/learning/application/published-lesson-content.ts is not specified and it doesn't parse as CommonJS.
# Reparsing as ES module because module syntax was detected. This incurs a performance overhead.
# To eliminate this warning, add "type": "module" to /Users/scoteritemu/Nu-Project-VE/package.json.
# Subtest: published content derives ownership from the requested lesson and never substitutes drafts
ok 15 - published content derives ownership from the requested lesson and never substitutes drafts
  ---
  duration_ms: 14.558542
  type: 'test'
  ...
# Subtest: publication drift includes metadata and ignores JSON object key order
ok 16 - publication drift includes metadata and ignores JSON object key order
  ---
  duration_ms: 25.007083
  type: 'test'
  ...
# Subtest: learner reads stay on published projections and cards exclude snapshot bodies
ok 17 - learner reads stay on published projections and cards exclude snapshot bodies
  ---
  duration_ms: 2.244958
  type: 'test'
  ...
# (node:58475) ExperimentalWarning: Type Stripping is an experimental feature and might change at any time
# (Use `node --trace-warnings ...` to show where the warning was created)
# (node:58475) [MODULE_TYPELESS_PACKAGE_JSON] Warning: Module type of file:///Users/scoteritemu/Nu-Project-VE/lib/route-auth-policy.ts is not specified and it doesn't parse as CommonJS.
# Reparsing as ES module because module syntax was detected. This incurs a performance overhead.
# To eliminate this warning, add "type": "module" to /Users/scoteritemu/Nu-Project-VE/package.json.
# Subtest: public and API routes bypass middleware auth refresh
ok 18 - public and API routes bypass middleware auth refresh
  ---
  duration_ms: 1.716583
  type: 'test'
  ...
# Subtest: protected learner and admin routes retain middleware auth refresh
ok 19 - protected learner and admin routes retain middleware auth refresh
  ---
  duration_ms: 0.205208
  type: 'test'
  ...
# Subtest: route classification keeps public entry points outside learner protection
ok 20 - route classification keeps public entry points outside learner protection
  ---
  duration_ms: 0.141834
  type: 'test'
  ...
1..20
# tests 20
# suites 0
# pass 20
# fail 0
# cancelled 0
# skipped 0
# todo 0
# duration_ms 361.575916
