
> project-ve-mvp@0.1.0 test:guardrails
> node scripts/test-performance-guardrails.mjs

TAP version 13
# Subtest: AI job processing remains isolated from App Router redirects
ok 1 - AI job processing remains isolated from App Router redirects
  ---
  duration_ms: 22.255125
  type: 'test'
  ...
# Subtest: dashboard keeps identity, XP, progress, and continue learning in the core path
ok 2 - dashboard keeps identity, XP, progress, and continue learning in the core path
  ---
  duration_ms: 2.067125
  type: 'test'
  ...
# Subtest: dashboard streams every optional feature behind explicit Suspense fallbacks
ok 3 - dashboard streams every optional feature behind explicit Suspense fallbacks
  ---
  duration_ms: 1.0135
  type: 'test'
  ...
# Subtest: personalization reads and caches editorial configuration separately from user state
ok 4 - personalization reads and caches editorial configuration separately from user state
  ---
  duration_ms: 7.682375
  type: 'test'
  ...
# (node:53063) ExperimentalWarning: Type Stripping is an experimental feature and might change at any time
# (Use `node --trace-warnings ...` to show where the warning was created)
# (node:53063) [MODULE_TYPELESS_PACKAGE_JSON] Warning: Module type of file:///Users/scoteritemu/Nu-Project-VE/features/organizations/application/learner-workspace-context.ts is not specified and it doesn't parse as CommonJS.
# Reparsing as ES module because module syntax was detected. This incurs a performance overhead.
# To eliminate this warning, add "type": "module" to /Users/scoteritemu/Nu-Project-VE/package.json.
# Subtest: organization workspace context parser maps the focused RPC delivery projection
ok 5 - organization workspace context parser maps the focused RPC delivery projection
  ---
  duration_ms: 2.017208
  type: 'test'
  ...
# Subtest: organization workspace context parser rejects cross-workspace delivery identifiers
ok 6 - organization workspace context parser rejects cross-workspace delivery identifiers
  ---
  duration_ms: 0.509375
  type: 'test'
  ...
# Subtest: organization route context uses one focused database operation
ok 7 - organization route context uses one focused database operation
  ---
  duration_ms: 1.132375
  type: 'test'
  ...
# (node:53064) ExperimentalWarning: Type Stripping is an experimental feature and might change at any time
# (Use `node --trace-warnings ...` to show where the warning was created)
# (node:53064) [MODULE_TYPELESS_PACKAGE_JSON] Warning: Module type of file:///Users/scoteritemu/Nu-Project-VE/features/learning/application/course-card-model.ts is not specified and it doesn't parse as CommonJS.
# Reparsing as ES module because module syntax was detected. This incurs a performance overhead.
# To eliminate this warning, add "type": "module" to /Users/scoteritemu/Nu-Project-VE/package.json.
# Subtest: course card model preserves navigation, progress, imagery, and XP metadata
ok 8 - course card model preserves navigation, progress, imagery, and XP metadata
  ---
  duration_ms: 2.246333
  type: 'test'
  ...
# Subtest: course card model and database projections exclude rich lesson and answer payloads
ok 9 - course card model and database projections exclude rich lesson and answer payloads
  ---
  duration_ms: 197.900542
  type: 'test'
  ...
# (node:53065) ExperimentalWarning: Type Stripping is an experimental feature and might change at any time
# (Use `node --trace-warnings ...` to show where the warning was created)
# (node:53065) [MODULE_TYPELESS_PACKAGE_JSON] Warning: Module type of file:///Users/scoteritemu/Nu-Project-VE/lib/input-safety.ts is not specified and it doesn't parse as CommonJS.
# Reparsing as ES module because module syntax was detected. This incurs a performance overhead.
# To eliminate this warning, add "type": "module" to /Users/scoteritemu/Nu-Project-VE/package.json.
# Subtest: managed references survive URL sanitization without allowing arbitrary relative URLs
ok 10 - managed references survive URL sanitization without allowing arbitrary relative URLs
  ---
  duration_ms: 206.518375
  type: 'test'
  ...
# Subtest: media signing follows caller authorization and private responses bypass shared caching
ok 11 - media signing follows caller authorization and private responses bypass shared caching
  ---
  duration_ms: 8.389
  type: 'test'
  ...
# Subtest: library reads are explicit paginated requests and uploads never overwrite shared storage
ok 12 - library reads are explicit paginated requests and uploads never overwrite shared storage
  ---
  duration_ms: 4.377625
  type: 'test'
  ...
# Subtest: mission list rendering contains no award or referral-token mutation branch
ok 13 - mission list rendering contains no award or referral-token mutation branch
  ---
  duration_ms: 3.908792
  type: 'test'
  ...
# Subtest: contextual referral-link creation remains an authenticated explicit action
ok 14 - contextual referral-link creation remains an authenticated explicit action
  ---
  duration_ms: 5.918
  type: 'test'
  ...
# (node:53067) ExperimentalWarning: Type Stripping is an experimental feature and might change at any time
# (Use `node --trace-warnings ...` to show where the warning was created)
# (node:53067) [MODULE_TYPELESS_PACKAGE_JSON] Warning: Module type of file:///Users/scoteritemu/Nu-Project-VE/features/learning/application/published-lesson-content.ts is not specified and it doesn't parse as CommonJS.
# Reparsing as ES module because module syntax was detected. This incurs a performance overhead.
# To eliminate this warning, add "type": "module" to /Users/scoteritemu/Nu-Project-VE/package.json.
# Subtest: published content derives ownership from the requested lesson and never substitutes drafts
ok 15 - published content derives ownership from the requested lesson and never substitutes drafts
  ---
  duration_ms: 1.585833
  type: 'test'
  ...
# Subtest: publication drift includes metadata and ignores JSON object key order
ok 16 - publication drift includes metadata and ignores JSON object key order
  ---
  duration_ms: 242.433125
  type: 'test'
  ...
# Subtest: learner reads stay on published projections and cards exclude snapshot bodies
ok 17 - learner reads stay on published projections and cards exclude snapshot bodies
  ---
  duration_ms: 16.337459
  type: 'test'
  ...
# (node:53068) ExperimentalWarning: Type Stripping is an experimental feature and might change at any time
# (Use `node --trace-warnings ...` to show where the warning was created)
# (node:53068) [MODULE_TYPELESS_PACKAGE_JSON] Warning: Module type of file:///Users/scoteritemu/Nu-Project-VE/lib/route-auth-policy.ts is not specified and it doesn't parse as CommonJS.
# Reparsing as ES module because module syntax was detected. This incurs a performance overhead.
# To eliminate this warning, add "type": "module" to /Users/scoteritemu/Nu-Project-VE/package.json.
# Subtest: public and API routes bypass middleware auth refresh
ok 18 - public and API routes bypass middleware auth refresh
  ---
  duration_ms: 1.051333
  type: 'test'
  ...
# Subtest: protected learner and admin routes retain middleware auth refresh
ok 19 - protected learner and admin routes retain middleware auth refresh
  ---
  duration_ms: 0.19425
  type: 'test'
  ...
# Subtest: route classification keeps public entry points outside learner protection
ok 20 - route classification keeps public entry points outside learner protection
  ---
  duration_ms: 0.164
  type: 'test'
  ...
1..20
# tests 20
# suites 0
# pass 20
# fail 0
# cancelled 0
# skipped 0
# todo 0
# duration_ms 2143.332917
