
> project-ve-mvp@0.1.0 test:repositories:local
> node scripts/test-repository-contracts-local.mjs

TAP version 13
# (node:47181) ExperimentalWarning: `--experimental-loader` may be removed in the future; instead use `register()`:
# --import 'data:text/javascript,import { register } from "node:module"; import { pathToFileURL } from "node:url"; register("./tests/support/next-test-loader.mjs", pathToFileURL("./"));'
# (Use `node --trace-warnings ...` to show where the warning was created)
# (node:47181) ExperimentalWarning: Type Stripping is an experimental feature and might change at any time
# (node:47181) ExperimentalWarning: Type Stripping is an experimental feature and might change at any time
# (Use `node --trace-warnings ...` to show where the warning was created)
# (node:47181) [MODULE_TYPELESS_PACKAGE_JSON] Warning: Module type of file:///Users/scoteritemu/Nu-Project-VE/features/app/repositories/learning.ts is not specified and it doesn't parse as CommonJS.
# Reparsing as ES module because module syntax was detected. This incurs a performance overhead.
# To eliminate this warning, add "type": "module" to /Users/scoteritemu/Nu-Project-VE/package.json.
# Subtest: demo repositories work without a Supabase client
ok 1 - demo repositories work without a Supabase client
  ---
  duration_ms: 290.847292
  type: 'test'
  ...
# Subtest: demo mission repository forwards reward fulfillment config
ok 2 - demo mission repository forwards reward fulfillment config
  ---
  duration_ms: 2.824417
  type: 'test'
  ...
1..2
# tests 2
# suites 0
# pass 2
# fail 0
# cancelled 0
# skipped 0
# todo 0
# duration_ms 4390.35
TAP version 13
# (node:47193) ExperimentalWarning: `--experimental-loader` may be removed in the future; instead use `register()`:
# --import 'data:text/javascript,import { register } from "node:module"; import { pathToFileURL } from "node:url"; register("./tests/support/next-test-loader.mjs", pathToFileURL("./"));'
# (Use `node --trace-warnings ...` to show where the warning was created)
# (node:47193) ExperimentalWarning: Type Stripping is an experimental feature and might change at any time
# (node:47193) ExperimentalWarning: Type Stripping is an experimental feature and might change at any time
# (Use `node --trace-warnings ...` to show where the warning was created)
# (node:47193) [MODULE_TYPELESS_PACKAGE_JSON] Warning: Module type of file:///Users/scoteritemu/Nu-Project-VE/features/app/repositories/learning.ts is not specified and it doesn't parse as CommonJS.
# Reparsing as ES module because module syntax was detected. This incurs a performance overhead.
# To eliminate this warning, add "type": "module" to /Users/scoteritemu/Nu-Project-VE/package.json.
# Subtest: live repositories use local Supabase data and do not serve demo snapshots
ok 1 - live repositories use local Supabase data and do not serve demo snapshots
  ---
  duration_ms: 45563.796625
  type: 'test'
  ...
1..1
# tests 1
# suites 0
# pass 1
# fail 0
# cancelled 0
# skipped 0
# todo 0
# duration_ms 49151.171334
TAP version 13
# (node:47238) ExperimentalWarning: `--experimental-loader` may be removed in the future; instead use `register()`:
# --import 'data:text/javascript,import { register } from "node:module"; import { pathToFileURL } from "node:url"; register("./tests/support/next-test-loader.mjs", pathToFileURL("./"));'
# (Use `node --trace-warnings ...` to show where the warning was created)
# (node:47238) ExperimentalWarning: Type Stripping is an experimental feature and might change at any time
# (node:47238) ExperimentalWarning: Type Stripping is an experimental feature and might change at any time
# (Use `node --trace-warnings ...` to show where the warning was created)
# (node:47238) [MODULE_TYPELESS_PACKAGE_JSON] Warning: Module type of file:///Users/scoteritemu/Nu-Project-VE/features/app/repositories/learning.ts is not specified and it doesn't parse as CommonJS.
# Reparsing as ES module because module syntax was detected. This incurs a performance overhead.
# To eliminate this warning, add "type": "module" to /Users/scoteritemu/Nu-Project-VE/package.json.
# Subtest: published repositories isolate drafts and concurrent editors cannot overwrite each other
ok 1 - published repositories isolate drafts and concurrent editors cannot overwrite each other
  ---
  duration_ms: 20058.595833
  type: 'test'
  ...
1..1
# tests 1
# suites 0
# pass 1
# fail 0
# cancelled 0
# skipped 0
# todo 0
# duration_ms 22503.944792
TAP version 13
# (node:47249) ExperimentalWarning: `--experimental-loader` may be removed in the future; instead use `register()`:
# --import 'data:text/javascript,import { register } from "node:module"; import { pathToFileURL } from "node:url"; register("./tests/support/next-test-loader.mjs", pathToFileURL("./"));'
# (Use `node --trace-warnings ...` to show where the warning was created)
# Subtest: saved media use and withdrawal serialize without granting later copies
ok 1 - saved media use and withdrawal serialize without granting later copies
  ---
  duration_ms: 12645.822791
  type: 'test'
  ...
# Subtest: concurrent registry uploads enforce one shared organisation quota
ok 2 - concurrent registry uploads enforce one shared organisation quota
  ---
  duration_ms: 10376.75225
  type: 'test'
  ...
1..2
# tests 2
# suites 0
# pass 2
# fail 0
# cancelled 0
# skipped 0
# todo 0
# duration_ms 23401.645583
